[DEBUG LAB4]: 	INT	int
[DEBUG LAB4]: 	ID	a	linenum:1	IDcount:0
[DEBUG LAB4]: 	SEMICOLON	;
[DEBUG LAB4]: 	INT	int
[DEBUG LAB4]: 	ID	main	linenum:3	IDcount:1
[DEBUG LAB4]: 	LPAREN	(
[DEBUG LAB4]: 	RPAREN	)
[DEBUG LAB4]: 	LBRACE	{
[DEBUG LAB4]: 	INT	int
[DEBUG LAB4]: 	ID	a	linenum:5	IDcount:2
[DEBUG LAB4]: 	SEMICOLON	;
[DEBUG LAB4]: 	ID	a	linenum:6	IDcount:2
[DEBUG LAB4]: 	ASSIGN	=
1[DEBUG LAB4]: 	ADD	+
2[DEBUG LAB4]: 	SEMICOLON	;
[DEBUG LAB4]: 	IF	if
[DEBUG LAB4]: 	LPAREN	(
[DEBUG LAB4]: 	ID	a	linenum:7	IDcount:2
[DEBUG LAB4]: 	LESS	<
5[DEBUG LAB4]: 	RPAREN	)
[DEBUG LAB4]: 	RETURN	return
1[DEBUG LAB4]: 	SEMICOLON	;
[DEBUG LAB4]: 	RETURN	return
0[DEBUG LAB4]: 	SEMICOLON	;
[DEBUG LAB4]: 	RBRACE	}
