[DEBUG LAB4]: 	LINECOMMENT	// i am a function: this function has many syntax errors. 	linenum: 1
[DEBUG LAB4]: 	INT	int 	linenum: 3
[DEBUG LAB4]: 	ID	f 	scope: 0 	linenum: 3
[DEBUG LAB4]: 	LPAREN	( 	linenum: 3
[DEBUG LAB4]: 	RPAREN	) 	linenum: 3
[DEBUG LAB4]: 	LBRACE	{ 	linenum: 3
[DEBUG LAB4]: 	INT	int 	linenum: 4
[DEBUG LAB4]: 	ID	a 	scope: 1 	linenum: 4
[DEBUG LAB4]: 	SEMICOLON	; 	linenum: 4
[DEBUG LAB4]: 	ID	a 	scope: 1 	linenum: 5
[DEBUG LAB4]: 	ASSIGN	= 	linenum: 5
[DEBUG LAB4]: 	DECIMIAL	0 	linenum: 5
[DEBUG LAB4]: 	SEMICOLON	; 	linenum: 5
[DEBUG LAB4]: 	WHILE	while 	linenum: 6
[DEBUG LAB4]: 	LPAREN	( 	linenum: 6
[DEBUG LAB4]: 	ID	a 	scope: 1 	linenum: 6
[DEBUG LAB4]: 	LESS	< 	linenum: 6
[DEBUG LAB4]: 	DECIMIAL	10 	linenum: 6
[DEBUG LAB4]: 	RPAREN	) 	linenum: 6
[DEBUG LAB4]: 	LBRACE	{ 	linenum: 6
[DEBUG LAB4]: 	ID	a 	scope: 2 	linenum: 7
[DEBUG LAB4]: 	ASSIGN	= 	linenum: 7
[DEBUG LAB4]: 	ID	a 	scope: 2 	linenum: 7
[DEBUG LAB4]: 	MUL	* 	linenum: 7
[DEBUG LAB4]: 	DECIMIAL	2340 	linenum: 7
[DEBUG LAB4]: 	SEMICOLON	; 	linenum: 7
[DEBUG LAB4]: 	RBRACE	} 	linenum: 8
[DEBUG LAB4]: 	RETURN	return 	linenum: 9
[DEBUG LAB4]: 	ID	a 	scope: 2 	linenum: 9
[DEBUG LAB4]: 	SEMICOLON	; 	linenum: 9
[DEBUG LAB4]: 	RBRACE	} 	linenum: 10
[DEBUG LAB4]: 	INT	int 	linenum: 12
[DEBUG LAB4]: 	ID	main 	scope: 2 	linenum: 12
[DEBUG LAB4]: 	LPAREN	( 	linenum: 12
[DEBUG LAB4]: 	RPAREN	) 	linenum: 12
[DEBUG LAB4]: 	LBRACE	{ 	linenum: 12
[DEBUG LAB4]: 	INT	int 	linenum: 13
[DEBUG LAB4]: 	ID	_testid 	scope: 3 	linenum: 13
[DEBUG LAB4]: 	SEMICOLON	; 	linenum: 13
[DEBUG LAB4]: 	ID	_testid 	scope: 3 	linenum: 14
[DEBUG LAB4]: 	ASSIGN	= 	linenum: 14
[DEBUG LAB4]: 	DECIMIAL	0 	linenum: 14
[DEBUG LAB4]: 	SEMICOLON	; 	linenum: 14
[DEBUG LAB4]: 	IF	if 	linenum: 15
[DEBUG LAB4]: 	LPAREN	( 	linenum: 15
[DEBUG LAB4]: 	ID	_testid 	scope: 3 	linenum: 15
[DEBUG LAB4]: 	EQUAL	== 	linenum: 15
[DEBUG LAB4]: 	DECIMIAL	0 	linenum: 15
[DEBUG LAB4]: 	RPAREN	) 	linenum: 15
[DEBUG LAB4]: 	LBRACE	{ 	linenum: 15
[DEBUG LAB4]: 	INT	int 	linenum: 16
[DEBUG LAB4]: 	ID	_testid 	scope: 4 	linenum: 16
[DEBUG LAB4]: 	SEMICOLON	; 	linenum: 16
[DEBUG LAB4]: 	INT	int 	linenum: 17
[DEBUG LAB4]: 	ID	_testid2 	scope: 4 	linenum: 17
[DEBUG LAB4]: 	SEMICOLON	; 	linenum: 17
[DEBUG LAB4]: 	ID	_testid1 	scope: 4 	linenum: 18
[DEBUG LAB4]: 	ASSIGN	= 	linenum: 18
[DEBUG LAB4]: 	ID	_testid1 	scope: 4 	linenum: 18
[DEBUG LAB4]: 	ADD	+ 	linenum: 18
[DEBUG LAB4]: 	DECIMIAL	0 	linenum: 18
[DEBUG LAB4]: 	SEMICOLON	; 	linenum: 18
[DEBUG LAB4]: 	RBRACE	} 	linenum: 19
[DEBUG LAB4]: 	COMMENTBEGIN	/* 	linenum: 20
[DEBUG LAB4]: 	COMMENTCONTENT			Comment lines;	 	linenum: 22
[DEBUG LAB4]: 	COMMENTEND	*/ 	linenum: 22
[DEBUG LAB4]: 	LBRACE	{ 	linenum: 23
[DEBUG LAB4]: 	INT	int 	linenum: 24
[DEBUG LAB4]: 	ID	a 	scope: 5 	linenum: 24
[DEBUG LAB4]: 	SEMICOLON	; 	linenum: 24
[DEBUG LAB4]: 	RBRACE	} 	linenum: 25
[DEBUG LAB4]: 	LBRACE	{ 	linenum: 26
[DEBUG LAB4]: 	INT	int 	linenum: 27
[DEBUG LAB4]: 	ID	a 	scope: 6 	linenum: 27
[DEBUG LAB4]: 	SEMICOLON	; 	linenum: 27
[DEBUG LAB4]: 	RBRACE	} 	linenum: 28
[DEBUG LAB4]: 	INT	int 	linenum: 29
[DEBUG LAB4]: 	ID	b 	scope: 6 	linenum: 29
[DEBUG LAB4]: 	SEMICOLON	; 	linenum: 29
[DEBUG LAB4]: 	RETURN	return 	linenum: 30
[DEBUG LAB4]: 	DECIMIAL	0 	linenum: 30
[DEBUG LAB4]: 	SEMICOLON	; 	linenum: 30
[DEBUG LAB4]: 	RBRACE	} 	linenum: 31
[DEBUG LAB4]: 	COMMENTBEGIN	/* 	linenum: 33
[DEBUG LAB4]: 	COMMENTCONTENT		Comment lines. 	linenum: 35
[DEBUG LAB4]: 	COMMENTEND	*/ 	linenum: 35
